=================================================================
GEOMETRY-DRIVEN COMPILER
Anchored to: Φ_orbit, val_floor=0.062, τ_basin≈2, cos_align>0
=================================================================

Corpus: VOCAB=1017, nnz=1347
Measuring floor gradient (geometric anchor)...
Floor gradient computed: val=0.7185  ||g_floor||=0.2336

Spectral E₀: val=4.4646

━━━ PHASE 1: SADDLE EXIT ━━━━━━━━━━━━━━━━━━━━━━━━━━━━━━
  α*=0.000  val=4.4996  sheet=['0', '0', '1.34', '1.96', '2.06']
  [15.8s]

━━━ PHASE 2: ADAPTIVE MF PUMP ━━━━━━━━━━━━━━━━━━━━━━━━━
  Stop when: Φ_clean=5/5 (orbit) OR τ rises after falling
  Geometric anchors: Φ_orbit, τ_basin≈2
  MF 1: E=5.233 WK=4.956  Φ_cl=4/5  τ=1.83
  MF 2: E=13.918 WK=14.180  Φ_cl=3/5  τ=1.94
  ✓ STOP: τ rising (1.26→1.83→1.94) — orbit shattering
  After MF2: val=13.7418  Φ=['0', '0.67', 'π', '2.01', 'π']

━━━ PHASE 3: BASIN SETTLE (GEO-STOP EXPERIMENT) ━━━━━━━━
  Geometric stopping: Φ_cl≥4 + τ∈[5,7] + rm2σ≥0.65 (×2 checks)
  Hypothesis: orbit geometry converges before loss plateaus
  step   8: val=9.9970  Δ=0.4681  Φ_cl=3/5  τ=4.70  rm2σ=+0.529
  step  16: val=5.3776  Δ=0.5774  Φ_cl=5/5  τ=3.81  rm2σ=+0.698
  step  24: val=3.6755  Δ=0.2128  Φ_cl=5/5  τ=5.04  rm2σ=+0.698
  step  32: val=2.7739  Δ=0.1127  Φ_cl=4/5  τ=4.86  rm2σ=+0.625
  step  40: val=2.0859  Δ=0.0860  Φ_cl=4/5  τ=5.50  rm2σ=+0.705
  step  48: val=1.3835  Δ=0.0878  Φ_cl=3/5  τ=5.43  rm2σ=+0.689
  step  56: val=0.9832  Δ=0.0500  Φ_cl=2/5  τ=5.64  rm2σ=+0.554
  step  64: val=0.7066  Δ=0.0346  Φ_cl=3/5  τ=5.42  rm2σ=+0.629
  step  72: val=0.5627  Δ=0.0180  Φ_cl=3/5  τ=5.69  rm2σ=+0.701
  step  80: val=0.4284  Δ=0.0168  Φ_cl=3/5  τ=5.44  rm2σ=+0.776
  step  88: val=0.3063  Δ=0.0153  Φ_cl=4/5  τ=5.65  rm2σ=+0.756
  step  96: val=0.2513  Δ=0.0069  Φ_cl=2/5  τ=5.30  rm2σ=+0.737
  step 104: val=0.1874  Δ=0.0080  Φ_cl=5/5  τ=5.68  rm2σ=+0.600
  step 112: val=0.1789  Δ=0.0011  Φ_cl=4/5  τ=5.48  rm2σ=+0.625
  ✓ Plateau (loss)
  After 112CE: val=0.1784  Φ_cl=4/5  τ=5.35  rm2σ=+0.625
  Geo-stop: NO (loss plateau)
  Saved basin_entry_state.pt (val=0.1784)

  [Pre-τ-retry state: val=0.1784 Φ_cl=4/5 τ=5.35]
  Running A/B test from this checkpoint (phases may be off-wall)

============================================================
  CONJECTURE 4 VERIFICATION
  A: Standard AdamW  |  B: AdamW + ker(J) projection
============================================================

  ────────────────────────────────────────────────────────────
  A: Standard AdamW (baseline)
   step      val        Δ   walls  n_proj  phases_clean
  ───────────────────────────────────────────────────────
      8   0.2005   0.0044       0       0 5/5 clean
     16   0.1525   0.0060       0       0 5/5 clean
     24   0.1637   0.0014       0       0 5/5 clean
  ✓ Converged at step 24 (val=0.1637)

  ────────────────────────────────────────────────────────────
  B: AdamW + ker(J) projection
   step      val        Δ   walls  n_proj  phases_clean
  ───────────────────────────────────────────────────────
      8   0.1535   0.0038       0       0 5/5 clean
     16   0.1326   0.0026       0       0 5/5 clean
  ✓ Converged at step 16 (val=0.1326)

============================================================
  RESULTS: Conjecture 4 Verification
============================================================
                          Metric   A (baseline)  B (projected)
  ────────────────────────────────────────────────────────────
                  Wall crossings              0              0
            Steps to convergence             24             16
                       Final val         0.1852         0.1461

  Wall crossing reduction: 0 → 0 (↑0 crossings, 0%)
  Step reduction:         24 → 16 CE (↓8 steps)

  Verdict: ~ PARTIAL: fewer steps but more crossings (projection not preventing walls)
  Model restored to run-B state (val=0.1461)
  [State restored for τ-retry: val=0.1686 Φ_cl=4/5 τ=5.56]
  ⚠ HIGH τ=5.56  Φ_cl=4/5 → τ-retry 50CE@LR×2
  After τ-retry (50CE@LR×2): val=0.0655  Φ_cl=4/5  τ=5.18

  Phase 3 total CE: 162  (LOSS-PLATEAU)
━━━ PHASE 4: ANALYTIC TOPOGATE (rank-1 Newton) ━━━━━━━━━
  k=0: φ=-0.000 clean — skip
  k=1: φ=-0.000 clean — skip
  k=2: φ=+0.000 clean — skip
  k=3: φ=-0.000 clean — skip
  k=4: φ=+0.355→0  α=-0.0137  σ₁=25.915  val 0.0541 ✓
  WV flip l=0: det=+1 but val 0.0745 no gain vs 0.0551
  WV flip l=1: det=+1 but val 0.0664 no gain vs 0.0551
  WV flip l=2: det=+1 but val 0.0680 no gain vs 0.0551
  WV flip l=3: det=+1 but val 0.0595 no gain vs 0.0551
  WV flip l=4: det=+1 but val 0.0667 no gain vs 0.0551
  WV flip l=5: skip (det=-1)
  TopoGate time: 1.36s
  Post-TopoGate: val=0.0686  Φ=['0', '0', '0', '0', '0']
  Saved basin_state.pt post-TopoGate (val=0.0686)
  basin_entry_state.pt saved pre-TopoGate at val≈0.20
  [Analytic rank-1 Newton TopoGate — no empirical search]

━━━ PHASE 5: ALIGNMENT + LM + K₀ SPLIT DESCENT ━━━━━━━━━
  K₀ split: w_FF = 3.5×(1.5/τ)^1.5 (τ-power formula)
  Current τ=4.99  →  w_FF=0.58
  (τ=1.5→w_FF=3.5 algebraic; τ=5.7→w_FF≈0.47 statistical)
  cos(g, g_floor) = +0.0662  val=0.0754
  val=0.0754 < 0.10 — skipping LM (already near floor)
  K₀ split 25 steps directly after LM
  τ=5.14 → w_FF=0.55
  τ=5.14 > 5 → Joint CE (FF dominant, K₀ degenerates)
  Joint 25CE: val=0.0565
  After descent: val=0.0565  Φ=['0', '0', '0', '0.53', '0']

━━━ LANCZOS TERMINAL PROJECTION ━━━━━━━━━━━━━━━━━━━━━━━━
  k=8 Lanczos, shared basis for 3 solves
  Targets: val < 0.065 (entropy floor)
    Solve 1: no gain (val=0.0588)
  After Lanczos: val=0.0557  [6.6s]


=================================================================
BASELINE: GD-400 CONSTANT LR (side-by-side geometry)
=================================================================
   step      val   Φ_cl       τ      cos    Serre_s  chamber
  -----------------------------------------------------------------
     50   2.7642      4    0.67  +0.3279     0.0197  ORBIT
    100   1.8216      2    1.06  +0.3904     0.0403  MIXED
    150   1.1762      2    1.70  +0.4072     0.0651  MIXED
    200   0.6989      2    2.12  +0.3958     0.0691  MIXED
    250   0.4091      3    2.76  +0.3842     0.0648  MIXED
    300   0.2318      5    3.47  +0.2450     0.0651  MIXED
    350   0.1474      5    4.07  +0.1744     0.0684  MIXED
    400   0.0894      4    3.69  +0.1658     0.0665  MIXED
  GD-400 final: val=0.0914  [19s]

=================================================================
SIDE-BY-SIDE: GEOMETRY-DRIVEN COMPILER vs GD-400
=================================================================

  COMPILER (geometry-driven, 2 MF rounds):
  Phase                                   val  geometry
  ------------------------------------------------------------
  Spectral E₀                          0.0588
  MF pump (×2)                        13.7418
  Basin settle (162 CE@LR×5)           0.0655  Φ_cl=4/5  τ=5.18
  TopoGate                             0.0686
  LM at t=0                            0.0754  cos=+0.066
  Final (187 CE total)                 0.0557

  GD-400 (constant LR, 400 steps):
    step      val   Φ_cl       τ      cos  note
  -------------------------------------------------------
      50   2.7642      4    0.67  +0.3279  ← ORBIT
     100   1.8216      2    1.06  +0.3904  
     150   1.1762      2    1.70  +0.4072  
     200   0.6989      2    2.12  +0.3958  
     250   0.4091      3    2.76  +0.3842  
     300   0.2318      5    3.47  +0.2450  ← orbit (high τ)
     350   0.1474      5    4.07  +0.1744  ← orbit (high τ)
     400   0.0894      4    3.69  +0.1658  ← orbit (high τ)

  METRIC                             COMPILER        GD-400
  --------------------------------------------------------
  Final val                            0.0557        0.0914
  CE steps (total)                        187           400
  MF pump rounds                            2             0
  Compiler advantage                    1.64×          1.0×

  GEOMETRY at convergence:
  Compiler Φ_clean: 4/5 (orbit established)
  GD-400  Φ_clean: 4/5  τ=3.69

  GD-400 Stokes signature: dissipative (37 crossings confirmed)
  Compiler Stokes: adiabatic (19 crossings confirmed)

  CONFIRMED: val=0.062 (mean_field_init B)
  Compiler GAP vs floor: -0.0063 nats
  GD-400  GAP vs floor: +0.0294 nats

  MF rounds: 2 (geometry-driven — τ and Φ_clean as sensors)
  Total compiler CE: 187 adaptive (vs 167 fixed in confirmed pipeline)
