=================================================================
GEOMETRY-DRIVEN COMPILER
Anchored to: Φ_orbit, val_floor=0.062, τ_basin≈2, cos_align>0
=================================================================

Corpus: VOCAB=1017, nnz=1347
Measuring floor gradient (geometric anchor)...
Floor gradient computed: val=0.7217  ||g_floor||=0.2275

Spectral E₀: val=4.4611

━━━ PHASE 1: SADDLE EXIT ━━━━━━━━━━━━━━━━━━━━━━━━━━━━━━
  α*=0.000  val=4.4918  sheet=['0', '0', '1.34', '1.96', '2.06']
  [12.3s]

━━━ PHASE 2: ADAPTIVE MF PUMP ━━━━━━━━━━━━━━━━━━━━━━━━━
  Stop when: Φ_clean=5/5 (orbit) OR τ rises after falling
  Geometric anchors: Φ_orbit, τ_basin≈2
  MF 1: E=5.236 WK=4.975  Φ_cl=3/5  τ=1.84
  MF 2: E=13.900 WK=14.191  Φ_cl=3/5  τ=1.97
  ✓ STOP: τ rising (1.24→1.84→1.97) — orbit shattering
  After MF2: val=13.7401  Φ=['π', '0', '1.33', 'π', '1.88']

━━━ PHASE 3: CHAMBER-AWARE BASIN SETTLE ━━━━━━━━━━━━━━━
  ker(J) projection + Nesterov wall detection
  O(log(1/ε)) convergence within chamber (Conjecture 4)
   step      val        Δ   Φ_cl      τ  walls  proj
  -------------------------------------------------------
      8  12.9473   0.1251     2/5   1.90      0  0.11
     16  10.4302   0.3146     2/5   1.84      4  0.00
     24   6.4955   0.4918     1/5   0.74      6     -
     32   5.9630   0.0666     5/5   2.43      7  0.40
     40   5.4364   0.0658     4/5   0.99      9     -
     48   5.2025   0.0292     4/5   1.78     10  0.06
     56   4.8037   0.0499     4/5   1.05     10     -
     64   4.6074   0.0245     3/5   1.07     13  0.00
     72   4.4947   0.0141     2/5   0.99     18     -
     80   4.3969   0.0122     4/5   0.69     21  0.00
     88   4.1673   0.0287     4/5   0.48     24  0.00
     96   4.1543   0.0016     4/5   0.40     29     -
    104   4.1141   0.0050     5/5   0.30     33     -
    112   4.1268   0.0016     2/5   0.30     39  0.00
    120   4.1215   0.0007     5/5   0.28     42  0.00
    128   4.2672   0.0182     4/5   0.25     44  0.00
    136   4.3369   0.0087     3/5   0.23     49  0.00
    144   4.4475   0.0138     3/5   0.21     55     -

  Total wall crossings (chamber-aware): 57
  Wall events at steps: [10, 14, 15, 16, 19, 20, 27, 38, 39, 46, 58, 59, 63, 65, 66, 67, 68, 71, 74, 76, 80, 82, 85, 87, 89, 91, 92, 94, 95, 99, 100, 102, 103, 106, 107, 108, 110, 111, 112, 113, 116, 120, 123, 128, 129, 130, 132, 133, 136, 137, 138, 139, 140, 141, 143, 145, 147]
  Compare: 37 dissipative crossings in GD-400
  Saved basin_entry_state.pt (val=4.5336)
  Φ_cl=4/5  τ=0.21  rm2σ=+0.661
  Wall crossings (chamber-aware): 57
  Phase 3 total CE: 150  (CHAMBER-AWARE)
━━━ PHASE 4: ANALYTIC TOPOGATE (rank-1 Newton) ━━━━━━━━━
  k=0: φ=-0.000 clean — skip
  k=1: φ=+3.142 clean — skip
  k=2: φ=+3.142 clean — skip
  k=3: φ=+0.000 clean — skip
  k=4: φ=+0.000 clean — skip
  WV flip l=0: det=+1 but val 4.5484 no gain vs 4.4970
  WV flip l=1: skip (det=-1)
  WV flip l=2: det=+1 phase_clean=True val→4.5447 ✓
  WV flip l=3: skip (det=-1)
  WV flip l=4: skip (det=-1)
  WV flip l=5: det=+1 phase_clean=True val→4.5413 ✓
  TopoGate time: 0.93s
  Post-TopoGate: val=4.4747  Φ=['0', 'π', '1.74', '0', '0']
  Saved basin_state.pt post-TopoGate (val=4.4747)
  basin_entry_state.pt saved pre-TopoGate at val≈0.20
  [Analytic rank-1 Newton TopoGate — no empirical search]

━━━ PHASE 5: ALIGNMENT + LM + K₀ SPLIT DESCENT ━━━━━━━━━
  K₀ split: w_FF = 3.5×(1.5/τ)^1.5 (τ-power formula)
  Current τ=0.19  →  w_FF=18.19
  (τ=1.5→w_FF=3.5 algebraic; τ=5.7→w_FF≈0.47 statistical)
  cos(g, g_floor) = +0.2353  val=4.5299
  ✓ POSITIVE ALIGNMENT — applying LM at t=0 (gradient_alignment_fix B)
  After LM: val=4.2929  ✓
  K₀ split 25 steps directly after LM
  τ=0.21 → w_FF=18.19
  τ=0.21 < 3 → K₀ split (FF underpowered, confirmed formula)
  K₀ 25CE (w_FF=18.19): val=4.2723
  After descent: val=4.2723  Φ=['0', 'π', '1.75', '0', '0']

━━━ LANCZOS TERMINAL PROJECTION ━━━━━━━━━━━━━━━━━━━━━━━━
  k=8 Lanczos, shared basis for 3 solves
  Targets: val < 0.065 (entropy floor)
    Solve 1: 4.3117→4.0529  Δ=0.2588
    Solve 2: 4.0058→3.8109  Δ=0.1949
    Solve 3: 3.8278→3.7089  Δ=0.1189
  After Lanczos: val=3.7279  [7.0s]


=================================================================
BASELINE: GD-400 CONSTANT LR (side-by-side geometry)
=================================================================
   step      val   Φ_cl       τ      cos    Serre_s  chamber
  -----------------------------------------------------------------
     50   2.7641      3    0.68  +0.3342     0.0206  MIXED
    100   1.8203      4    1.06  +0.4055     0.0369  ORBIT
    150   1.1768      3    1.72  +0.4194     0.0715  MIXED
    200   0.7001      3    2.11  +0.3965     0.0707  MIXED
    250   0.4091      3    2.51  +0.3597     0.0679  MIXED
    300   0.2316      4    3.55  +0.2385     0.0697  MIXED
    350   0.1452      3    4.08  +0.1418     0.0707  MIXED
    400   0.0892      4    3.76  +0.1616     0.0650  MIXED
  GD-400 final: val=0.0911  [19s]

=================================================================
SIDE-BY-SIDE: GEOMETRY-DRIVEN COMPILER vs GD-400
=================================================================

  COMPILER (geometry-driven, 2 MF rounds):
  Phase                                   val  geometry
  ------------------------------------------------------------
  Spectral E₀                          3.8278
  MF pump (×2)                        13.7401
  Basin settle (150 CE@LR×5)           4.5336  Φ_cl=4/5  τ=0.21
  TopoGate                             4.4747
  LM at t=0                            4.2929  cos=+0.235
  Final (175 CE total)                 3.7279

  GD-400 (constant LR, 400 steps):
    step      val   Φ_cl       τ      cos  note
  -------------------------------------------------------
      50   2.7641      3    0.68  +0.3342  
     100   1.8203      4    1.06  +0.4055  ← ORBIT
     150   1.1768      3    1.72  +0.4194  
     200   0.7001      3    2.11  +0.3965  
     250   0.4091      3    2.51  +0.3597  
     300   0.2316      4    3.55  +0.2385  ← orbit (high τ)
     350   0.1452      3    4.08  +0.1418  
     400   0.0892      4    3.76  +0.1616  ← orbit (high τ)

  METRIC                             COMPILER        GD-400
  --------------------------------------------------------
  Final val                            3.7279        0.0911
  CE steps (total)                        175           400
  MF pump rounds                            2             0
  Compiler advantage                    0.02×          1.0×

  GEOMETRY at convergence:
  Compiler Φ_clean: 4/5 (orbit established)
  GD-400  Φ_clean: 4/5  τ=3.76

  GD-400 Stokes signature: dissipative (37 crossings confirmed)
  Compiler Stokes: adiabatic (19 crossings confirmed)

  CONFIRMED: val=0.062 (mean_field_init B)
  Compiler GAP vs floor: +3.6659 nats
  GD-400  GAP vs floor: +0.0291 nats

  MF rounds: 2 (geometry-driven — τ and Φ_clean as sensors)
  Total compiler CE: 175 adaptive (vs 167 fixed in confirmed pipeline)
