=================================================================
GEOMETRY-DRIVEN COMPILER
Anchored to: Φ_orbit, val_floor=0.062, τ_basin≈2, cos_align>0
=================================================================

Corpus: VOCAB=1017, nnz=1347
Measuring floor gradient (geometric anchor)...
Floor gradient computed: val=0.7185  ||g_floor||=0.2336

Spectral E₀: val=4.4646

━━━ PHASE 1: SADDLE EXIT ━━━━━━━━━━━━━━━━━━━━━━━━━━━━━━
  α*=0.000  val=4.4996  sheet=['0', '0', '1.34', '1.96', '2.06']
  [15.2s]

━━━ PHASE 2: ADAPTIVE MF PUMP ━━━━━━━━━━━━━━━━━━━━━━━━━
  Stop when: Φ_clean=5/5 (orbit) OR τ rises after falling
  Geometric anchors: Φ_orbit, τ_basin≈2
  MF 1: E=5.233 WK=4.956  Φ_cl=4/5  τ=1.83
  MF 2: E=13.918 WK=14.180  Φ_cl=3/5  τ=1.94
  ✓ STOP: τ rising (1.26→1.83→1.94) — orbit shattering
  After MF2: val=13.7418  Φ=['0', '0.67', 'π', '2.01', 'π']

━━━ PHASE 3: BASIN SETTLE (GEO-STOP) ━━━━━━━━━━━━━━━━━━
  Geometric stopping: Φ_cl≥4 + τ∈[5,7] + rm2σ≥0.65 (×2 checks)
  Hypothesis: orbit geometry converges before loss plateaus
  step   8: val=9.9970  Δ=0.4681  Φ_cl=3/5  τ=4.70  rm2σ=+0.529
  step  16: val=5.3776  Δ=0.5774  Φ_cl=5/5  τ=3.81  rm2σ=+0.698
  step  24: val=3.6755  Δ=0.2128  Φ_cl=5/5  τ=5.04  rm2σ=+0.698
  ○ GEO-STOP candidate (1/2): Φ=5/5 τ=5.04 rm2σ=0.698
  step  32: val=2.7739  Δ=0.1127  Φ_cl=4/5  τ=4.86  rm2σ=+0.625
  step  40: val=2.0859  Δ=0.0860  Φ_cl=4/5  τ=5.50  rm2σ=+0.705
  ○ GEO-STOP candidate (1/2): Φ=4/5 τ=5.50 rm2σ=0.705
  step  48: val=1.3835  Δ=0.0878  Φ_cl=3/5  τ=5.43  rm2σ=+0.689
  step  56: val=0.9832  Δ=0.0500  Φ_cl=2/5  τ=5.64  rm2σ=+0.554
  step  64: val=0.7066  Δ=0.0346  Φ_cl=3/5  τ=5.42  rm2σ=+0.629
  step  72: val=0.5627  Δ=0.0180  Φ_cl=3/5  τ=5.69  rm2σ=+0.701
  step  80: val=0.4284  Δ=0.0168  Φ_cl=3/5  τ=5.44  rm2σ=+0.776
  step  88: val=0.3063  Δ=0.0153  Φ_cl=4/5  τ=5.65  rm2σ=+0.756
  ○ GEO-STOP candidate (1/2): Φ=4/5 τ=5.65 rm2σ=0.756
  step  96: val=0.2513  Δ=0.0069  Φ_cl=2/5  τ=5.30  rm2σ=+0.737
  step 104: val=0.1874  Δ=0.0080  Φ_cl=5/5  τ=5.68  rm2σ=+0.600
  step 112: val=0.1789  Δ=0.0011  Φ_cl=4/5  τ=5.48  rm2σ=+0.625
  ✓ Plateau (loss)
  After 112CE: val=0.1784  Φ_cl=4/5  τ=5.35  rm2σ=+0.625
  Geo-stop: NO (loss plateau)
  Saved basin_entry_state.pt (val=0.1784)
  ⚠ HIGH τ=5.35  Φ_cl=4/5 → τ-retry 50CE@LR×2
  After τ-retry (50CE@LR×2): val=0.0663  Φ_cl=4/5  τ=5.53

  Phase 3 total CE: 162
  Geo-stopped: False
━━━ SNAPPER POLYNOMIAL JUMP ━━━━━━━━━━━━━━━━━━━━━━━━━━━━
  One jump to the floor using Snapper's theorem
  [1] Computing Hessian direction...
      Direction norm: 1.0000
  [2] Fitting Snapper polynomial...
      Snapper polynomial points:
        t=0.000: val=0.0600
        t=0.100: val=0.0479
        t=0.200: val=0.0664
        t=0.300: val=0.0639
        t=0.400: val=0.0622

      L(t) = 0.060047 + -0.631629t + 7.499426t² + -27.051527t³ + 30.712115t⁴
  [3] Finding polynomial minimum...
      t* = 0.0596, L* = 0.043702
  [4] Jumping to t* = 0.0596

  After Snapper jump: val=0.0578, Φ_cl=4/5, τ=5.41
  ⚠ Snapper jump to 0.0578 - continuing to TopoGate
━━━ PHASE 4: TOPOGATE (geometry-checked) ━━━━━━━━━━━━━━
  Before: val=0.0761  Φ=['π', 'π', '0', '1.87', 'π']  Φ_cl=4/5
  ✓ TopoGate [0, 4]: val 0.0761→0.0590  Φ_cl 4→4/5  score=0.0171
  Post-TopoGate: val=0.0668  Φ=['π', 'π', '0', '1.87', 'π']

━━━ PHASE 5: ALIGNMENT + LM + K₀ SPLIT DESCENT ━━━━━━━━━
  Current τ=5.70  →  w_FF=0.47
  cos(g, g_floor) = +0.0433  val=0.0676
  val=0.0676 < 0.10 — skipping LM (already near floor)
  K₀ split 25 steps directly after LM
  τ=5.87 → w_FF=0.45
  τ=5.87 > 5 → Joint CE
  Joint 25CE: val=0.0500
  After descent: val=0.0500  Φ=['0', '0', 'π', '2.23', 'π']


=================================================================
BASELINE: GD-400 CONSTANT LR
=================================================================
   step      val   Φ_cl       τ      cos    Serre_s  chamber
  -----------------------------------------------------------------
     50   2.7642      4    0.67  +0.3279     0.0197  ORBIT
    100   1.8216      2    1.06  +0.3904     0.0403  MIXED
    150   1.1762      2    1.70  +0.4072     0.0651  MIXED
    200   0.6989      2    2.12  +0.3958     0.0691  MIXED
    250   0.4091      3    2.76  +0.3842     0.0648  MIXED
    300   0.2318      5    3.47  +0.2450     0.0651  MIXED
    350   0.1474      5    4.07  +0.1744     0.0684  MIXED
    400   0.0894      4    3.69  +0.1658     0.0665  MIXED
  GD-400 final: val=0.0914  [19s]

=================================================================
SIDE-BY-SIDE: GEOMETRY-DRIVEN COMPILER vs GD-400
=================================================================

  COMPILER (geometry-driven, 2 MF rounds):
  Phase                                   val  geometry
  ------------------------------------------------------------
  Spectral E₀                          4.4646
  MF pump (×2)                        13.7418
  Basin settle (162 CE@LR×5)           0.0663  Φ_cl=4/5  τ=5.53
  TopoGate                             0.0668
  LM at t=0                            0.0676  cos=+0.043
  Final (187 CE total)                 0.0500

  GD-400 (constant LR, 400 steps):
    step      val   Φ_cl       τ      cos  note
  -------------------------------------------------------
      50   2.7642      4    0.67  +0.3279  ← ORBIT
     100   1.8216      2    1.06  +0.3904  
     150   1.1762      2    1.70  +0.4072  
     200   0.6989      2    2.12  +0.3958  
     250   0.4091      3    2.76  +0.3842  
     300   0.2318      5    3.47  +0.2450  ← orbit (high τ)
     350   0.1474      5    4.07  +0.1744  ← orbit (high τ)
     400   0.0894      4    3.69  +0.1658  ← orbit (high τ)

  METRIC                             COMPILER        GD-400
  --------------------------------------------------------
  Final val                            0.0500        0.0914
  CE steps (total)                        187           400
  MF pump rounds                            2             0
  Compiler advantage                    1.83×          1.0×

  GEOMETRY at convergence:
  Compiler Φ_clean: 4/5 (orbit established)
  GD-400  Φ_clean: 4/5  τ=3.69

  CONFIRMED: val=0.062 (mean_field_init B)
  Compiler GAP vs floor: -0.0120 nats
  GD-400  GAP vs floor: +0.0294 nats

  MF rounds: 2 (geometry-driven — τ and Φ_clean as sensors)
  Total compiler CE: 187 adaptive
